// Vitest Snapshot v1

exports[`Webpack SFC > generates custom block code 1`] = `
[
  "export { default } from \\"-!../../node_modules/.pnpm/unplugin@0.8.0_vite@3.0.3+webpack@5.73.0/node_modules/unplugin/dist/webpack/loaders/transform.js??unplugin-fluent-vue-sfc!../../node_modules/.pnpm/vue-loader@17.0.0_webpack@5.73.0/node_modules/vue-loader/dist/index.js??ruleSet[1].rules[2].use[0]!./test.vue?vue&type=custom&index=0&blockType=fluent&locale=en\\"; export * from \\"-!../../node_modules/.pnpm/unplugin@0.8.0_vite@3.0.3+webpack@5.73.0/node_modules/unplugin/dist/webpack/loaders/transform.js??unplugin-fluent-vue-sfc!../../node_modules/.pnpm/vue-loader@17.0.0_webpack@5.73.0/node_modules/vue-loader/dist/index.js??ruleSet[1].rules[2].use[0]!./test.vue?vue&type=custom&index=0&blockType=fluent&locale=en\\"",
  "
import { FluentResource } from '@fluent/bundle'

export default function (Component) {
  const target = Component.options || Component
  target.fluent = target.fluent || {}
  target.fluent['en'] = new FluentResource(\`# Simple things are simple.
hello-user = Hello, {$userName}!

# Complex things are possible.
shared-photos =
  {$userName} {$photoCount ->
     [one] added one photo
    *[other] added {$photoCount} new photos
  } to {$userGender ->
     [male] his stream
     [female] her stream
    *[other] their stream
  }.\`)
}
",
]
`;

exports[`Webpack SFC > includes HMR code only when HMR is enabled 1`] = `
[
  "export { default } from \\"-!../../node_modules/.pnpm/unplugin@0.8.0_vite@3.0.3+webpack@5.73.0/node_modules/unplugin/dist/webpack/loaders/transform.js??unplugin-fluent-vue-sfc!../../node_modules/.pnpm/vue-loader@17.0.0_webpack@5.73.0/node_modules/vue-loader/dist/index.js??ruleSet[1].rules[2].use[0]!./test.vue?vue&type=custom&index=0&blockType=fluent&locale=en\\"; export * from \\"-!../../node_modules/.pnpm/unplugin@0.8.0_vite@3.0.3+webpack@5.73.0/node_modules/unplugin/dist/webpack/loaders/transform.js??unplugin-fluent-vue-sfc!../../node_modules/.pnpm/vue-loader@17.0.0_webpack@5.73.0/node_modules/vue-loader/dist/index.js??ruleSet[1].rules[2].use[0]!./test.vue?vue&type=custom&index=0&blockType=fluent&locale=en\\"",
  "
import { FluentResource } from '@fluent/bundle'

export default function (Component) {
  const target = Component.options || Component
  target.fluent = target.fluent || {}
  target.fluent['en'] = new FluentResource(\`# Simple things are simple.
hello-user = Hello, {$userName}!

# Complex things are possible.
shared-photos =
  {$userName} {$photoCount ->
     [one] added one photo
    *[other] added {$photoCount} new photos
  } to {$userGender ->
     [male] his stream
     [female] her stream
    *[other] their stream
  }.\`)
}
",
]
`;
