// Vitest Snapshot v1

exports[`vite plugin > generates custom block code 1`] = `
"import { createHotContext as __vite__createHotContext } from \\"/@vite/client\\";import.meta.hot = __vite__createHotContext(\\"/fixtures/test.vue\\");const _sfc_main = {}
import { toDisplayString as _toDisplayString, createElementVNode as _createElementVNode, openBlock as _openBlock, createElementBlock as _createElementBlock } from \\"/@id/vue\\"

function _sfc_render(_ctx, _cache) {
  return (_openBlock(), _createElementBlock(\\"div\\", null, [
    _createElementVNode(\\"div\\", null, _toDisplayString(_ctx.$t('hello-user', { userName: _ctx.userName })), 1 /* TEXT */),
    _createElementVNode(\\"div\\", null, _toDisplayString(_ctx.$t('shared-photos', { userName: _ctx.userName, photoCount: _ctx.photoCount, userGender: _ctx.userGender })), 1 /* TEXT */)
  ]))
}

import block0 from \\"/fixtures/test.vue?vue&type=fluent&index=0&locale=en&lang.fluent\\"
if (typeof block0 === 'function') block0(_sfc_main)

_sfc_main.__hmrId = \\"7e4b934c\\"
typeof __VUE_HMR_RUNTIME__ !== 'undefined' && __VUE_HMR_RUNTIME__.createRecord(_sfc_main.__hmrId, _sfc_main)
import.meta.hot.accept(mod => {
  if (!mod) return
  const { default: updated, _rerender_only } = mod
  if (_rerender_only) {
    __VUE_HMR_RUNTIME__.rerender(updated.__hmrId, updated.render)
  } else {
    __VUE_HMR_RUNTIME__.reload(updated.__hmrId, updated)
  }
})
import _export_sfc from '/@id/__x00__plugin-vue:export-helper'
export default /*#__PURE__*/_export_sfc(_sfc_main, [['render',_sfc_render],['__file',\\"/home/demivan/projects/fluent/unplugin-fluent-vue/__tests__/fixtures/test.vue\\"]])"
`;

exports[`vite plugin > supports custom blockType 1`] = `undefined`;

exports[`vite plugin > works with vue 2 1`] = `
"import { createHotContext as __vite__createHotContext } from \\"/@vite/client\\";import.meta.hot = __vite__createHotContext(\\"/fixtures/test.vue\\");import.meta.env = {\\"BASE_URL\\":\\"/\\",\\"MODE\\":\\"development\\",\\"DEV\\":true,\\"PROD\\":false,\\"SSR\\":false};const __vue2_script = {}
import { render as __vue2_render, staticRenderFns as __vue2_staticRenderFns } from \\"/fixtures/test.vue?vue&type=template&lang.js\\"
const __cssModules = {}

/* normalize component */
import __vue2_normalizer from \\"/@id/__x00__/vite/vueComponentNormalizer\\"
var __component__ = /*#__PURE__*/__vue2_normalizer(
  __vue2_script,
  __vue2_render,
  __vue2_staticRenderFns,
  false,
  __vue2_injectStyles,
  null,
  null,
  null
)

function __vue2_injectStyles (context) {
  for(let o in __cssModules){
    this[o] = __cssModules[o]
  }
}
import block0 from \\"/fixtures/test.vue?vue&type=fluent&index=0&locale=en&lang.fluent\\"
if (typeof block0 === 'function') block0(__component__)

__component__.options.__file = \\"fixtures/test.vue\\"
/* hot reload */
import __VUE_HMR_RUNTIME__ from \\"/@id/__x00__/vite/vueHotReload\\"
import __VUE_IDENTIFIER__ from \\"/@id/vue\\"
__VUE_HMR_RUNTIME__.install(__VUE_IDENTIFIER__)
if(!import.meta.env.SSR && __VUE_HMR_RUNTIME__.compatible){
  if (!__VUE_HMR_RUNTIME__.isRecorded(\\"5d4671d9\\")) {
    __VUE_HMR_RUNTIME__.createRecord(\\"5d4671d9\\", __component__.options)
  }
   import.meta.hot.accept((update) => {
      __VUE_HMR_RUNTIME__.reload(\\"5d4671d9\\", update.default)
   })
   import.meta.hot.accept(\\"/fixtures/test.vue?vue&type=template&lang.js\\", (update) => {
      __VUE_HMR_RUNTIME__.rerender(\\"5d4671d9\\", update)
   })
}
export default /*#__PURE__*/(function () { return __component__.exports })()"
`;
